
> partnerhub@0.1.0 build
> next build

   Γû▓ Next.js 15.4.6
   - Environments: .env

   Creating an optimized production build ...
 Γ£ô Compiled successfully in 4.0s
   Linting and checking validity of types ...

./src/app/admin/analytics/page.tsx
13:3  Warning: 'TrendingDown' is defined but never used.  @typescript-eslint/no-unused-vars
120:6  Warning: React Hook useEffect has a missing dependency: 'mockAnalytics'. Either include it or remove the dependency array.  react-hooks/exhaustive-deps

./src/app/admin/audit/page.tsx
21:3  Warning: 'CheckCircle' is defined but never used.  @typescript-eslint/no-unused-vars
27:3  Warning: 'UserMinus' is defined but never used.  @typescript-eslint/no-unused-vars
29:3  Warning: 'Unlock' is defined but never used.  @typescript-eslint/no-unused-vars
30:3  Warning: 'FileText' is defined but never used.  @typescript-eslint/no-unused-vars
31:3  Warning: 'Package' is defined but never used.  @typescript-eslint/no-unused-vars
32:3  Warning: 'ShoppingCart' is defined but never used.  @typescript-eslint/no-unused-vars
33:3  Warning: 'Building2' is defined but never used.  @typescript-eslint/no-unused-vars
245:6  Warning: React Hook useEffect has a missing dependency: 'mockAuditLogs'. Either include it or remove the dependency array.  react-hooks/exhaustive-deps

./src/app/admin/companies/page.tsx
162:6  Warning: React Hook useEffect has a missing dependency: 'mockCompanies'. Either include it or remove the dependency array.  react-hooks/exhaustive-deps

./src/app/admin/company-users/page.tsx
41:3  Warning: 'Trash2' is defined but never used.  @typescript-eslint/no-unused-vars

./src/app/admin/dashboard/page.tsx
22:25  Warning: 'canAccessPage' is defined but never used.  @typescript-eslint/no-unused-vars

./src/app/admin/inventory/page.tsx
12:10  Warning: 'Dialog' is defined but never used.  @typescript-eslint/no-unused-vars
12:18  Warning: 'DialogContent' is defined but never used.  @typescript-eslint/no-unused-vars
12:33  Warning: 'DialogDescription' is defined but never used.  @typescript-eslint/no-unused-vars
12:52  Warning: 'DialogFooter' is defined but never used.  @typescript-eslint/no-unused-vars
12:66  Warning: 'DialogHeader' is defined but never used.  @typescript-eslint/no-unused-vars
12:80  Warning: 'DialogTitle' is defined but never used.  @typescript-eslint/no-unused-vars
12:93  Warning: 'DialogTrigger' is defined but never used.  @typescript-eslint/no-unused-vars
13:10  Warning: 'Tabs' is defined but never used.  @typescript-eslint/no-unused-vars
13:16  Warning: 'TabsContent' is defined but never used.  @typescript-eslint/no-unused-vars
13:29  Warning: 'TabsList' is defined but never used.  @typescript-eslint/no-unused-vars
13:39  Warning: 'TabsTrigger' is defined but never used.  @typescript-eslint/no-unused-vars
24:3  Warning: 'Archive' is defined but never used.  @typescript-eslint/no-unused-vars
27:3  Warning: 'Filter' is defined but never used.  @typescript-eslint/no-unused-vars
49:17  Warning: 'session' is assigned a value but never used.  @typescript-eslint/no-unused-vars
117:6  Warning: React Hook useEffect has a missing dependency: 'mockInventory'. Either include it or remove the dependency array.  react-hooks/exhaustive-deps

./src/app/admin/orders/page.tsx
32:3  Warning: 'DialogTrigger' is defined but never used.  @typescript-eslint/no-unused-vars
39:3  Warning: 'Edit' is defined but never used.  @typescript-eslint/no-unused-vars
43:3  Warning: 'Calendar' is defined but never used.  @typescript-eslint/no-unused-vars
45:3  Warning: 'TrendingUp' is defined but never used.  @typescript-eslint/no-unused-vars
119:6  Warning: React Hook useEffect has a missing dependency: 'fetchOrders'. Either include it or remove the dependency array.  react-hooks/exhaustive-deps
126:6  Warning: React Hook useEffect has missing dependencies: 'fetchOrders' and 'session'. Either include them or remove the dependency array.  react-hooks/exhaustive-deps

./src/app/admin/page.tsx
24:3  Warning: 'Plus' is defined but never used.  @typescript-eslint/no-unused-vars
162:6  Warning: React Hook useEffect has a missing dependency: 'mockStats'. Either include it or remove the dependency array.  react-hooks/exhaustive-deps

./src/app/admin/products/add/page.tsx
21:3  Warning: 'Upload' is defined but never used.  @typescript-eslint/no-unused-vars
220:15  Warning: 'data' is assigned a value but never used.  @typescript-eslint/no-unused-vars

./src/app/admin/products/page.tsx
375:21  Warning: Using `<img>` could result in slower LCP and higher bandwidth. Consider using `<Image />` from `next/image` or a custom image loader to automatically optimize images. This may incur additional usage or cost from your provider. See: https://nextjs.org/docs/messages/no-img-element  @next/next/no-img-element

./src/app/admin/products/[id]/edit/page.tsx
12:10  Warning: 'Switch' is defined but never used.  @typescript-eslint/no-unused-vars
13:10  Warning: 'Separator' is defined but never used.  @typescript-eslint/no-unused-vars
21:3  Warning: 'Upload' is defined but never used.  @typescript-eslint/no-unused-vars

./src/app/admin/reports/page.tsx
8:10  Warning: 'Input' is defined but never used.  @typescript-eslint/no-unused-vars
25:3  Warning: 'Filter' is defined but never used.  @typescript-eslint/no-unused-vars
50:17  Warning: 'session' is assigned a value but never used.  @typescript-eslint/no-unused-vars
53:24  Warning: 'setSelectedDate' is assigned a value but never used.  @typescript-eslint/no-unused-vars
148:6  Warning: React Hook useEffect has a missing dependency: 'mockReports'. Either include it or remove the dependency array.  react-hooks/exhaustive-deps

./src/app/admin/settings/page.tsx
16:3  Warning: 'Database' is defined but never used.  @typescript-eslint/no-unused-vars
17:3  Warning: 'Mail' is defined but never used.  @typescript-eslint/no-unused-vars
22:3  Warning: 'Users' is defined but never used.  @typescript-eslint/no-unused-vars
24:3  Warning: 'Package' is defined but never used.  @typescript-eslint/no-unused-vars
25:3  Warning: 'CreditCard' is defined but never used.  @typescript-eslint/no-unused-vars
179:6  Warning: React Hook useEffect has a missing dependency: 'mockSettings'. Either include it or remove the dependency array.  react-hooks/exhaustive-deps
190:14  Warning: 'error' is defined but never used.  @typescript-eslint/no-unused-vars

./src/app/admin/system-logs/page.tsx
16:3  Warning: 'CheckCircle' is defined but never used.  @typescript-eslint/no-unused-vars
21:3  Warning: 'User' is defined but never used.  @typescript-eslint/no-unused-vars
28:3  Warning: 'Filter' is defined but never used.  @typescript-eslint/no-unused-vars
62:17  Warning: 'session' is assigned a value but never used.  @typescript-eslint/no-unused-vars
186:6  Warning: React Hook useEffect has missing dependencies: 'mockLogs' and 'mockSystemHealth'. Either include them or remove the dependency array.  react-hooks/exhaustive-deps

./src/app/admin/users/page.tsx
154:6  Warning: React Hook useEffect has a missing dependency: 'mockUsers'. Either include it or remove the dependency array.  react-hooks/exhaustive-deps

./src/app/analytics/page.tsx
13:3  Warning: 'TrendingDown' is defined but never used.  @typescript-eslint/no-unused-vars
120:6  Warning: React Hook useEffect has a missing dependency: 'mockAnalytics'. Either include it or remove the dependency array.  react-hooks/exhaustive-deps

./src/app/api/auth/register/route.ts
64:13  Warning: 'password' is assigned a value but never used.  @typescript-eslint/no-unused-vars

./src/app/api/bulk-orders/route.ts
9:11  Warning: 'BulkOrderItem' is defined but never used.  @typescript-eslint/no-unused-vars

./src/app/api/cart/route.ts
9:27  Warning: 'request' is defined but never used.  @typescript-eslint/no-unused-vars

./src/app/api/payments/route.ts
106:7  Warning: 'savePaymentMethod' is assigned a value but never used.  @typescript-eslint/no-unused-vars

./src/app/api/reports/route.ts
214:40  Warning: 'session' is defined but never used.  @typescript-eslint/no-unused-vars
342:70  Warning: 'session' is defined but never used.  @typescript-eslint/no-unused-vars

./src/app/api/settings/route.ts
79:7  Warning: 'description' is assigned a value but never used.  @typescript-eslint/no-unused-vars

./src/app/auth/signin/page.tsx
48:14  Warning: 'error' is defined but never used.  @typescript-eslint/no-unused-vars

./src/app/auth/signup/page.tsx
61:14  Warning: 'error' is defined but never used.  @typescript-eslint/no-unused-vars

./src/app/cart/page.tsx
3:10  Warning: 'useEffect' is defined but never used.  @typescript-eslint/no-unused-vars

./src/app/checkout/page.tsx
84:6  Warning: React Hook useEffect has a missing dependency: 'router'. Either include it or remove the dependency array.  react-hooks/exhaustive-deps
408:23  Warning: Using `<img>` could result in slower LCP and higher bandwidth. Consider using `<Image />` from `next/image` or a custom image loader to automatically optimize images. This may incur additional usage or cost from your provider. See: https://nextjs.org/docs/messages/no-img-element  @next/next/no-img-element

./src/app/companies/page.tsx
162:6  Warning: React Hook useEffect has a missing dependency: 'mockCompanies'. Either include it or remove the dependency array.  react-hooks/exhaustive-deps

./src/app/company/analytics/page.tsx
12:3  Warning: 'TrendingUp' is defined but never used.  @typescript-eslint/no-unused-vars
13:3  Warning: 'TrendingDown' is defined but never used.  @typescript-eslint/no-unused-vars
18:3  Warning: 'Calendar' is defined but never used.  @typescript-eslint/no-unused-vars
22:3  Warning: 'Activity' is defined but never used.  @typescript-eslint/no-unused-vars
23:3  Warning: 'Clock' is defined but never used.  @typescript-eslint/no-unused-vars
46:17  Warning: 'session' is assigned a value but never used.  @typescript-eslint/no-unused-vars

./src/app/company/dashboard/page.tsx
13:3  Warning: 'TrendingUp' is defined but never used.  @typescript-eslint/no-unused-vars
18:3  Warning: 'AlertTriangle' is defined but never used.  @typescript-eslint/no-unused-vars
22:25  Warning: 'canAccessPage' is defined but never used.  @typescript-eslint/no-unused-vars

./src/app/company/orders/page.tsx
16:3  Warning: 'Filter' is defined but never used.  @typescript-eslint/no-unused-vars
27:3  Warning: 'User' is defined but never used.  @typescript-eslint/no-unused-vars
58:17  Warning: 'session' is assigned a value but never used.  @typescript-eslint/no-unused-vars
172:6  Warning: React Hook useEffect has a missing dependency: 'mockOrders'. Either include it or remove the dependency array.  react-hooks/exhaustive-deps

./src/app/company/products/page.tsx
16:3  Warning: 'Filter' is defined but never used.  @typescript-eslint/no-unused-vars
17:3  Warning: 'Plus' is defined but never used.  @typescript-eslint/no-unused-vars
22:3  Warning: 'TrendingUp' is defined but never used.  @typescript-eslint/no-unused-vars
58:17  Warning: 'session' is assigned a value but never used.  @typescript-eslint/no-unused-vars
188:6  Warning: React Hook useEffect has a missing dependency: 'mockProducts'. Either include it or remove the dependency array.  react-hooks/exhaustive-deps

./src/app/company/reports/page.tsx
18:3  Warning: 'TrendingUp' is defined but never used.  @typescript-eslint/no-unused-vars
53:17  Warning: 'session' is assigned a value but never used.  @typescript-eslint/no-unused-vars
164:6  Warning: React Hook useEffect has a missing dependency: 'mockReports'. Either include it or remove the dependency array.  react-hooks/exhaustive-deps

./src/app/company/users/page.tsx
17:3  Warning: 'Filter' is defined but never used.  @typescript-eslint/no-unused-vars
25:3  Warning: 'MoreVertical' is defined but never used.  @typescript-eslint/no-unused-vars
58:17  Warning: 'session' is assigned a value but never used.  @typescript-eslint/no-unused-vars
162:6  Warning: React Hook useEffect has a missing dependency: 'mockUsers'. Either include it or remove the dependency array.  react-hooks/exhaustive-deps

./src/app/myorders/page.tsx
24:3  Warning: 'DialogTrigger' is defined but never used.  @typescript-eslint/no-unused-vars
40:3  Warning: 'Download' is defined but never used.  @typescript-eslint/no-unused-vars
380:64  Warning: 'index' is defined but never used.  @typescript-eslint/no-unused-vars
386:29  Warning: Using `<img>` could result in slower LCP and higher bandwidth. Consider using `<Image />` from `next/image` or a custom image loader to automatically optimize images. This may incur additional usage or cost from your provider. See: https://nextjs.org/docs/messages/no-img-element  @next/next/no-img-element
499:29  Warning: Using `<img>` could result in slower LCP and higher bandwidth. Consider using `<Image />` from `next/image` or a custom image loader to automatically optimize images. This may incur additional usage or cost from your provider. See: https://nextjs.org/docs/messages/no-img-element  @next/next/no-img-element

./src/app/operations/dashboard/page.tsx
23:10  Warning: 'hasPermission' is defined but never used.  @typescript-eslint/no-unused-vars

./src/app/operations/inventory/page.tsx
33:3  Warning: 'DialogTrigger' is defined but never used.  @typescript-eslint/no-unused-vars
42:3  Warning: 'Plus' is defined but never used.  @typescript-eslint/no-unused-vars
43:3  Warning: 'Minus' is defined but never used.  @typescript-eslint/no-unused-vars
47:3  Warning: 'Download' is defined but never used.  @typescript-eslint/no-unused-vars
48:3  Warning: 'Archive' is defined but never used.  @typescript-eslint/no-unused-vars

./src/app/operations/orders/page.tsx
43:3  Warning: 'Building2' is defined but never used.  @typescript-eslint/no-unused-vars
44:3  Warning: 'Calendar' is defined but never used.  @typescript-eslint/no-unused-vars
47:3  Warning: 'Download' is defined but never used.  @typescript-eslint/no-unused-vars
48:3  Warning: 'ArrowUpDown' is defined but never used.  @typescript-eslint/no-unused-vars
471:23  Warning: 'StatusIcon' is assigned a value but never used.  @typescript-eslint/no-unused-vars

./src/app/operations/products/page.tsx
16:3  Warning: 'Filter' is defined but never used.  @typescript-eslint/no-unused-vars
19:3  Warning: 'Trash2' is defined but never used.  @typescript-eslint/no-unused-vars
22:3  Warning: 'XCircle' is defined but never used.  @typescript-eslint/no-unused-vars
55:17  Warning: 'session' is assigned a value but never used.  @typescript-eslint/no-unused-vars
176:6  Warning: React Hook useEffect has a missing dependency: 'mockProducts'. Either include it or remove the dependency array.  react-hooks/exhaustive-deps

./src/app/operations/quality/page.tsx
24:3  Warning: 'TrendingUp' is defined but never used.  @typescript-eslint/no-unused-vars
26:3  Warning: 'Package' is defined but never used.  @typescript-eslint/no-unused-vars
29:3  Warning: 'ThumbsUp' is defined but never used.  @typescript-eslint/no-unused-vars
30:3  Warning: 'ThumbsDown' is defined but never used.  @typescript-eslint/no-unused-vars
59:17  Warning: 'session' is assigned a value but never used.  @typescript-eslint/no-unused-vars
170:6  Warning: React Hook useEffect has a missing dependency: 'mockQualityChecks'. Either include it or remove the dependency array.  react-hooks/exhaustive-deps

./src/app/operations/reports/page.tsx
21:3  Warning: 'Users' is defined but never used.  @typescript-eslint/no-unused-vars
27:3  Warning: 'PieChart' is defined but never used.  @typescript-eslint/no-unused-vars
28:3  Warning: 'LineChart' is defined but never used.  @typescript-eslint/no-unused-vars
29:3  Warning: 'Filter' is defined but never used.  @typescript-eslint/no-unused-vars
53:17  Warning: 'session' is assigned a value but never used.  @typescript-eslint/no-unused-vars
164:6  Warning: React Hook useEffect has a missing dependency: 'mockReports'. Either include it or remove the dependency array.  react-hooks/exhaustive-deps

./src/app/operations/shipping/page.tsx
22:3  Warning: 'Calendar' is defined but never used.  @typescript-eslint/no-unused-vars
30:3  Warning: 'TrendingUp' is defined but never used.  @typescript-eslint/no-unused-vars
31:3  Warning: 'Users' is defined but never used.  @typescript-eslint/no-unused-vars
61:17  Warning: 'session' is assigned a value but never used.  @typescript-eslint/no-unused-vars
183:6  Warning: React Hook useEffect has a missing dependency: 'mockShipments'. Either include it or remove the dependency array.  react-hooks/exhaustive-deps

./src/app/page.tsx
11:3  Warning: 'Users' is defined but never used.  @typescript-eslint/no-unused-vars
13:3  Warning: 'Package' is defined but never used.  @typescript-eslint/no-unused-vars
16:3  Warning: 'CheckCircle' is defined but never used.  @typescript-eslint/no-unused-vars
45:9  Warning: 'getRoleDashboard' is assigned a value but never used.  @typescript-eslint/no-unused-vars

./src/app/products/page.tsx
20:3  Warning: 'Plus' is defined but never used.  @typescript-eslint/no-unused-vars
228:19  Warning: Using `<img>` could result in slower LCP and higher bandwidth. Consider using `<Image />` from `next/image` or a custom image loader to automatically optimize images. This may incur additional usage or cost from your provider. See: https://nextjs.org/docs/messages/no-img-element  @next/next/no-img-element

./src/app/products/[slug]/page.tsx
8:10  Warning: 'Card' is defined but never used.  @typescript-eslint/no-unused-vars
8:16  Warning: 'CardContent' is defined but never used.  @typescript-eslint/no-unused-vars
8:29  Warning: 'CardDescription' is defined but never used.  @typescript-eslint/no-unused-vars
8:46  Warning: 'CardHeader' is defined but never used.  @typescript-eslint/no-unused-vars
8:58  Warning: 'CardTitle' is defined but never used.  @typescript-eslint/no-unused-vars
21:3  Warning: 'Eye' is defined but never used.  @typescript-eslint/no-unused-vars
22:3  Warning: 'Info' is defined but never used.  @typescript-eslint/no-unused-vars
210:17  Warning: Using `<img>` could result in slower LCP and higher bandwidth. Consider using `<Image />` from `next/image` or a custom image loader to automatically optimize images. This may incur additional usage or cost from your provider. See: https://nextjs.org/docs/messages/no-img-element  @next/next/no-img-element
259:19  Warning: Using `<img>` could result in slower LCP and higher bandwidth. Consider using `<Image />` from `next/image` or a custom image loader to automatically optimize images. This may incur additional usage or cost from your provider. See: https://nextjs.org/docs/messages/no-img-element  @next/next/no-img-element

./src/app/settings/page.tsx
17:3  Warning: 'Mail' is defined but never used.  @typescript-eslint/no-unused-vars
22:3  Warning: 'Globe' is defined but never used.  @typescript-eslint/no-unused-vars
71:6  Warning: React Hook useEffect has a missing dependency: 'fetchSettings'. Either include it or remove the dependency array.  react-hooks/exhaustive-deps

./src/app/shop/dashboard/page.tsx
19:3  Warning: 'Filter' is defined but never used.  @typescript-eslint/no-unused-vars
21:10  Warning: 'hasPermission' is defined but never used.  @typescript-eslint/no-unused-vars

./src/app/users/page.tsx
43:10  Warning: 'users' is assigned a value but never used.  @typescript-eslint/no-unused-vars
143:6  Warning: React Hook useEffect has a missing dependency: 'mockUsers'. Either include it or remove the dependency array.  react-hooks/exhaustive-deps

./src/components/cart/sliding-cart.tsx
3:10  Warning: 'useEffect' is defined but never used.  @typescript-eslint/no-unused-vars
24:3  Warning: 'X' is defined but never used.  @typescript-eslint/no-unused-vars
106:27  Warning: Using `<img>` could result in slower LCP and higher bandwidth. Consider using `<Image />` from `next/image` or a custom image loader to automatically optimize images. This may incur additional usage or cost from your provider. See: https://nextjs.org/docs/messages/no-img-element  @next/next/no-img-element

./src/components/layout/modern-sidebar.tsx
6:15  Warning: 'UserRole' is defined but never used.  @typescript-eslint/no-unused-vars

./src/components/navigation/role-based-nav.tsx
21:3  Warning: 'Clock' is defined but never used.  @typescript-eslint/no-unused-vars

./src/components/notifications/notification-bell.tsx
80:6  Warning: React Hook useEffect has a missing dependency: 'fetchNotifications'. Either include it or remove the dependency array.  react-hooks/exhaustive-deps

./src/components/ui/image-upload.tsx
9:12  Warning: 'ImageIcon' is defined but never used.  @typescript-eslint/no-unused-vars
106:64  Warning: 'index' is defined but never used.  @typescript-eslint/no-unused-vars
145:6  Warning: React Hook useCallback has a missing dependency: 'processFiles'. Either include it or remove the dependency array.  react-hooks/exhaustive-deps
157:6  Warning: React Hook useCallback has a missing dependency: 'processFiles'. Either include it or remove the dependency array.  react-hooks/exhaustive-deps

./src/lib/auth.ts
99:21  Warning: 'token' is defined but never used.  @typescript-eslint/no-unused-vars
115:12  Warning: 'error' is defined but never used.  @typescript-eslint/no-unused-vars

./src/types/next-auth.d.ts
2:10  Warning: 'JWT' is defined but never used.  @typescript-eslint/no-unused-vars

info  - Need to disable some ESLint rules? Learn more here: https://nextjs.org/docs/app/api-reference/config/eslint#disabling-rules
node.exe : Failed to compile.
At C:\Program Files\nodejs\npm.ps1:29 char:3
+   & $NODE_EXE $NPM_CLI_JS $args
+   ~~~~~~~~~~~~~~~~~~~~~~~~~~~~~
    + CategoryInfo          : NotSpecified: (Failed to compile.:String) [], Remote 
   Exception
    + FullyQualifiedErrorId : NativeCommandError
 

./src/lib/permissions.ts:288:42
Type error: This comparison appears to be unintentional because the types 
'"ACCOUNT_ADMIN" | "BUYER"' and '"SUPER_ADMIN"' have no overlap.

[0m [90m 286 |[39m     [36mcase[39m [32m'/operations/quality'[39m[33m:[39m
 [90m 287 |[39m     [36mcase[39m [32m'/operations/reports'[39m[33m:[39m
[31m[1m>[22m[39m[90m 288 |[39m       [36mreturn[39m userRole [33m===[39m 
[32m'OPERATION'[39m [33m||[39m userRole [33m===[39m [32m'SUPER_ADMIN'[39m
 [90m     |[39m                                          [31m[1m^[22m[39m
 [90m 289 |[39m
 [90m 290 |[39m     [90m// Company pages[39m
 [90m 291 |[39m     [36mcase[39m [32m'/company'[39m[33m:[39m[0m
Next.js build worker exited with code: 1 and signal: null
